// Jest Snapshot v1, https://goo.gl/fbAQLP

exports[`Home basic render 1`] = `
Array [
  <div
    class="wrapper"
  />,
  <div
    class="content"
  >
    <div
      class="nav nav"
    >
      <p
        class="caption"
      />
      <ul
        class="subNav"
      />
    </div>
    <div
      class="loading homeLoad"
    >
      <div
        class="loadOuter"
      >
        <div
          class="loader"
        />
      </div>
    </div>
  </div>,
]
`;
